[[1;34mINFO[m] Scanning for projects...
[[1;34mINFO[m] 
[[1;34mINFO[m] [1m---------------------< [0;36mcom.GroupProject:RentCart[0;1m >----------------------[m
[[1;34mINFO[m] [1mBuilding RentCart 0.0.1-SNAPSHOT[m
[[1;34mINFO[m] [1m--------------------------------[ jar ]---------------------------------[m
[[1;34mINFO[m] 
[[1;34mINFO[m] [1m>>> [0;32mspring-boot-maven-plugin:3.5.3:run[m [1m(default-cli)[0;1m > [0;1mtest-compile[m @ [36mRentCart[0;1m >>>[m
[[1;34mINFO[m] 
[[1;34mINFO[m] [1m--- [0;32mmaven-resources-plugin:3.3.1:resources[m [1m(default-resources)[m @ [36mRentCart[0;1m ---[m
[[1;34mINFO[m] Copying 1 resource from src/main/resources to target/classes
[[1;34mINFO[m] Copying 0 resource from src/main/resources to target/classes
[[1;34mINFO[m] 
[[1;34mINFO[m] [1m--- [0;32mmaven-compiler-plugin:3.11.0:compile[m [1m(default-compile)[m @ [36mRentCart[0;1m ---[m
[[1;34mINFO[m] Nothing to compile - all classes are up to date
[[1;34mINFO[m] 
[[1;34mINFO[m] [1m--- [0;32mmaven-resources-plugin:3.3.1:testResources[m [1m(default-testResources)[m @ [36mRentCart[0;1m ---[m
[[1;34mINFO[m] skip non existing resourceDirectory /home/arytiw/RentCart/lks/RentCart/ItemService/src/test/resources
[[1;34mINFO[m] 
[[1;34mINFO[m] [1m--- [0;32mmaven-compiler-plugin:3.11.0:testCompile[m [1m(default-testCompile)[m @ [36mRentCart[0;1m ---[m
[[1;34mINFO[m] No sources to compile
[[1;34mINFO[m] 
[[1;34mINFO[m] [1m<<< [0;32mspring-boot-maven-plugin:3.5.3:run[m [1m(default-cli)[0;1m < [0;1mtest-compile[m @ [36mRentCart[0;1m <<<[m
[[1;34mINFO[m] 
[[1;34mINFO[m] 
[[1;34mINFO[m] [1m--- [0;32mspring-boot-maven-plugin:3.5.3:run[m [1m(default-cli)[m @ [36mRentCart[0;1m ---[m
[[1;34mINFO[m] Attaching agents: []
01:45:21.772 [main] INFO com.GroupProject.ItemService.RentCartApplication -- Starting RentCartApplication...

  .   ____          _            __ _ _
 /\\ / ___'_ __ _ _(_)_ __  __ _ \ \ \ \
( ( )\___ | '_ | '_| | '_ \/ _` | \ \ \ \
 \\/  ___)| |_)| | | | | || (_| |  ) ) ) )
  '  |____| .__|_| |_|_| |_\__, | / / / /
 =========|_|==============|___/=/_/_/_/

 :: Spring Boot ::                (v3.5.3)

2025-07-26T01:45:22.181+05:30  INFO 313430 --- [ItemService] [           main] c.G.ItemService.RentCartApplication      : Starting RentCartApplication using Java 17.0.15 with PID 313430 (/home/arytiw/RentCart/lks/RentCart/ItemService/target/classes started by arytiw in /home/arytiw/RentCart/lks/RentCart/ItemService)
2025-07-26T01:45:22.182+05:30  INFO 313430 --- [ItemService] [           main] c.G.ItemService.RentCartApplication      : No active profile set, falling back to 1 default profile: "default"
2025-07-26T01:45:22.585+05:30  INFO 313430 --- [ItemService] [           main] .s.d.r.c.RepositoryConfigurationDelegate : Bootstrapping Spring Data MongoDB repositories in DEFAULT mode.
2025-07-26T01:45:22.614+05:30  INFO 313430 --- [ItemService] [           main] .s.d.r.c.RepositoryConfigurationDelegate : Finished Spring Data repository scanning in 25 ms. Found 1 MongoDB repository interface.
2025-07-26T01:45:22.827+05:30  INFO 313430 --- [ItemService] [           main] o.s.b.w.embedded.tomcat.TomcatWebServer  : Tomcat initialized with port 9091 (http)
2025-07-26T01:45:22.836+05:30  INFO 313430 --- [ItemService] [           main] o.apache.catalina.core.StandardService   : Starting service [Tomcat]
2025-07-26T01:45:22.836+05:30  INFO 313430 --- [ItemService] [           main] o.apache.catalina.core.StandardEngine    : Starting Servlet engine: [Apache Tomcat/10.1.42]
2025-07-26T01:45:22.863+05:30  INFO 313430 --- [ItemService] [           main] o.a.c.c.C.[Tomcat].[localhost].[/]       : Initializing Spring embedded WebApplicationContext
2025-07-26T01:45:22.864+05:30  INFO 313430 --- [ItemService] [           main] w.s.c.ServletWebServerApplicationContext : Root WebApplicationContext: initialization completed in 648 ms
2025-07-26T01:45:22.975+05:30  INFO 313430 --- [ItemService] [lbb.mongodb.net] org.mongodb.driver.cluster               : Adding discovered server ac-rjqfimd-shard-00-02.rpnqlbb.mongodb.net:27017 to client view of cluster
2025-07-26T01:45:22.997+05:30  INFO 313430 --- [ItemService] [           main] org.mongodb.driver.client                : MongoClient with metadata {"application": {"name": "RentCart"}, "driver": {"name": "mongo-java-driver|sync|spring-boot", "version": "5.5.1"}, "os": {"type": "Linux", "name": "Linux", "architecture": "amd64", "version": "6.11.0-29-generic"}, "platform": "Java/Ubuntu/17.0.15+6-Ubuntu-0ubuntu124.04"} created with settings MongoClientSettings{readPreference=primary, writeConcern=WriteConcern{w=majority, wTimeout=null ms, journal=null}, retryWrites=true, retryReads=true, readConcern=ReadConcern{level=null}, credential=MongoCredential{mechanism=null, userName='mayurkotwal75', source='admin', password=<hidden>, mechanismProperties=<hidden>}, transportSettings=null, commandListeners=[], codecRegistry=ProvidersCodecRegistry{codecProviders=[ValueCodecProvider{}, BsonValueCodecProvider{}, DBRefCodecProvider{}, DBObjectCodecProvider{}, DocumentCodecProvider{}, CollectionCodecProvider{}, IterableCodecProvider{}, MapCodecProvider{}, GeoJsonCodecProvider{}, GridFSFileCodecProvider{}, Jsr310CodecProvider{}, JsonObjectCodecProvider{}, BsonCodecProvider{}, EnumCodecProvider{}, com.mongodb.client.model.mql.ExpressionCodecProvider@6c1cfa53, com.mongodb.Jep395RecordCodecProvider@4d68b571, com.mongodb.KotlinCodecProvider@52b06bef]}, loggerSettings=LoggerSettings{maxDocumentLength=1000}, clusterSettings={hosts=[127.0.0.1:27017], srvHost=rentcart.rpnqlbb.mongodb.net, srvServiceName=mongodb, mode=MULTIPLE, requiredClusterType=REPLICA_SET, requiredReplicaSetName='atlas-x8u1qz-shard-0', serverSelector='null', clusterListeners='[]', serverSelectionTimeout='30000 ms', localThreshold='15 ms'}, socketSettings=SocketSettings{connectTimeoutMS=10000, readTimeoutMS=0, receiveBufferSize=0, proxySettings=ProxySettings{host=null, port=null, username=null, password=null}}, heartbeatSocketSettings=SocketSettings{connectTimeoutMS=10000, readTimeoutMS=10000, receiveBufferSize=0, proxySettings=ProxySettings{host=null, port=null, username=null, password=null}}, connectionPoolSettings=ConnectionPoolSettings{maxSize=100, minSize=0, maxWaitTimeMS=120000, maxConnectionLifeTimeMS=0, maxConnectionIdleTimeMS=0, maintenanceInitialDelayMS=0, maintenanceFrequencyMS=60000, connectionPoolListeners=[], maxConnecting=2}, serverSettings=ServerSettings{heartbeatFrequencyMS=10000, minHeartbeatFrequencyMS=500, serverMonitoringMode=AUTO, serverListeners='[]', serverMonitorListeners='[]'}, sslSettings=SslSettings{enabled=true, invalidHostNameAllowed=false, context=null}, applicationName='RentCart', compressorList=[], uuidRepresentation=JAVA_LEGACY, serverApi=null, autoEncryptionSettings=null, dnsClient=null, inetAddressResolver=null, contextProvider=null, timeoutMS=null}
2025-07-26T01:45:23.002+05:30  INFO 313430 --- [ItemService] [lbb.mongodb.net] org.mongodb.driver.cluster               : Adding discovered server ac-rjqfimd-shard-00-00.rpnqlbb.mongodb.net:27017 to client view of cluster
2025-07-26T01:45:23.004+05:30  INFO 313430 --- [ItemService] [lbb.mongodb.net] org.mongodb.driver.cluster               : Adding discovered server ac-rjqfimd-shard-00-01.rpnqlbb.mongodb.net:27017 to client view of cluster
2025-07-26T01:45:23.225+05:30  INFO 313430 --- [ItemService] [           main] c.G.ItemService.Entity.ItemType          : ItemType enum loaded with values: RENT, SELL
2025-07-26T01:45:23.255+05:30  INFO 313430 --- [ItemService] [ngodb.net:27017] org.mongodb.driver.cluster               : Monitor thread successfully connected to server with description ServerDescription{address=ac-rjqfimd-shard-00-02.rpnqlbb.mongodb.net:27017, type=REPLICA_SET_PRIMARY, cryptd=false, state=CONNECTED, ok=true, minWireVersion=0, maxWireVersion=25, maxDocumentSize=16777216, logicalSessionTimeoutMinutes=30, roundTripTimeNanos=126217216, minRoundTripTimeNanos=0, setName='atlas-x8u1qz-shard-0', canonicalAddress=ac-rjqfimd-shard-00-02.rpnqlbb.mongodb.net:27017, hosts=[ac-rjqfimd-shard-00-00.rpnqlbb.mongodb.net:27017, ac-rjqfimd-shard-00-01.rpnqlbb.mongodb.net:27017, ac-rjqfimd-shard-00-02.rpnqlbb.mongodb.net:27017], passives=[], arbiters=[], primary='ac-rjqfimd-shard-00-02.rpnqlbb.mongodb.net:27017', tagSet=TagSet{[Tag{name='availabilityZone', value='aps1-az2'}, Tag{name='diskState', value='READY'}, Tag{name='nodeType', value='ELECTABLE'}, Tag{name='provider', value='AWS'}, Tag{name='region', value='AP_SOUTH_1'}, Tag{name='workloadType', value='OPERATIONAL'}]}, electionId=7fffffff00000000000000d9, setVersion=230, topologyVersion=TopologyVersion{processId=687a67224a71bededb4026aa, counter=6}, lastWriteDate=Sat Jul 26 01:45:22 IST 2025, lastUpdateTimeNanos=26112789603412}
2025-07-26T01:45:23.256+05:30  INFO 313430 --- [ItemService] [ngodb.net:27017] org.mongodb.driver.cluster               : Monitor thread successfully connected to server with description ServerDescription{address=ac-rjqfimd-shard-00-01.rpnqlbb.mongodb.net:27017, type=REPLICA_SET_SECONDARY, cryptd=false, state=CONNECTED, ok=true, minWireVersion=0, maxWireVersion=25, maxDocumentSize=16777216, logicalSessionTimeoutMinutes=30, roundTripTimeNanos=126222060, minRoundTripTimeNanos=0, setName='atlas-x8u1qz-shard-0', canonicalAddress=ac-rjqfimd-shard-00-01.rpnqlbb.mongodb.net:27017, hosts=[ac-rjqfimd-shard-00-00.rpnqlbb.mongodb.net:27017, ac-rjqfimd-shard-00-01.rpnqlbb.mongodb.net:27017, ac-rjqfimd-shard-00-02.rpnqlbb.mongodb.net:27017], passives=[], arbiters=[], primary='ac-rjqfimd-shard-00-02.rpnqlbb.mongodb.net:27017', tagSet=TagSet{[Tag{name='availabilityZone', value='aps1-az3'}, Tag{name='diskState', value='READY'}, Tag{name='nodeType', value='ELECTABLE'}, Tag{name='provider', value='AWS'}, Tag{name='region', value='AP_SOUTH_1'}, Tag{name='workloadType', value='OPERATIONAL'}]}, electionId=null, setVersion=230, topologyVersion=TopologyVersion{processId=687a6a1cdd4fe57fac26c8ca, counter=3}, lastWriteDate=Sat Jul 26 01:45:22 IST 2025, lastUpdateTimeNanos=26112789606772}
2025-07-26T01:45:23.256+05:30  INFO 313430 --- [ItemService] [ngodb.net:27017] org.mongodb.driver.cluster               : Monitor thread successfully connected to server with description ServerDescription{address=ac-rjqfimd-shard-00-00.rpnqlbb.mongodb.net:27017, type=REPLICA_SET_SECONDARY, cryptd=false, state=CONNECTED, ok=true, minWireVersion=0, maxWireVersion=25, maxDocumentSize=16777216, logicalSessionTimeoutMinutes=30, roundTripTimeNanos=126135597, minRoundTripTimeNanos=0, setName='atlas-x8u1qz-shard-0', canonicalAddress=ac-rjqfimd-shard-00-00.rpnqlbb.mongodb.net:27017, hosts=[ac-rjqfimd-shard-00-00.rpnqlbb.mongodb.net:27017, ac-rjqfimd-shard-00-01.rpnqlbb.mongodb.net:27017, ac-rjqfimd-shard-00-02.rpnqlbb.mongodb.net:27017], passives=[], arbiters=[], primary='ac-rjqfimd-shard-00-02.rpnqlbb.mongodb.net:27017', tagSet=TagSet{[Tag{name='availabilityZone', value='aps1-az1'}, Tag{name='diskState', value='READY'}, Tag{name='nodeType', value='ELECTABLE'}, Tag{name='provider', value='AWS'}, Tag{name='region', value='AP_SOUTH_1'}, Tag{name='workloadType', value='OPERATIONAL'}]}, electionId=null, setVersion=230, topologyVersion=TopologyVersion{processId=687a650146057121944465e6, counter=4}, lastWriteDate=Sat Jul 26 01:45:22 IST 2025, lastUpdateTimeNanos=26112789523150}
2025-07-26T01:45:23.257+05:30  INFO 313430 --- [ItemService] [ngodb.net:27017] org.mongodb.driver.cluster               : Discovered replica set primary ac-rjqfimd-shard-00-02.rpnqlbb.mongodb.net:27017 with max election id 7fffffff00000000000000d9 and max set version 230
2025-07-26T01:45:23.276+05:30  INFO 313430 --- [ItemService] [           main] o.s.v.b.OptionalValidatorFactoryBean     : Failed to set up a Bean Validation provider: jakarta.validation.NoProviderFoundException: Unable to create a Configuration, because no Jakarta Bean Validation provider could be found. Add a provider like Hibernate Validator (RI) to your classpath.
2025-07-26T01:45:23.438+05:30  WARN 313430 --- [ItemService] [           main] ConfigServletWebServerApplicationContext : Exception encountered during context initialization - cancelling refresh attempt: org.springframework.context.ApplicationContextException: Failed to start bean 'webServerStartStop'
2025-07-26T01:45:23.451+05:30  INFO 313430 --- [ItemService] [           main] .s.b.a.l.ConditionEvaluationReportLogger : 

Error starting ApplicationContext. To display the condition evaluation report re-run your application with 'debug' enabled.
2025-07-26T01:45:23.461+05:30 ERROR 313430 --- [ItemService] [           main] o.s.b.d.LoggingFailureAnalysisReporter   : 

***************************
APPLICATION FAILED TO START
***************************

Description:

Web server failed to start. Port 9091 was already in use.

Action:

Identify and stop the process that's listening on port 9091 or configure this application to listen on another port.

[[1;34mINFO[m] [1m------------------------------------------------------------------------[m
[[1;34mINFO[m] [1;31mBUILD FAILURE[m
[[1;34mINFO[m] [1m------------------------------------------------------------------------[m
[[1;34mINFO[m] Total time:  2.674 s
[[1;34mINFO[m] Finished at: 2025-07-26T01:45:23+05:30
[[1;34mINFO[m] [1m------------------------------------------------------------------------[m
[[1;31mERROR[m] Failed to execute goal [32morg.springframework.boot:spring-boot-maven-plugin:3.5.3:run[m [1m(default-cli)[m on project [36mRentCart[m: [1;31mProcess terminated with exit code: 1[m -> [1m[Help 1][m
[[1;31mERROR[m] 
[[1;31mERROR[m] To see the full stack trace of the errors, re-run Maven with the [1m-e[m switch.
[[1;31mERROR[m] Re-run Maven using the [1m-X[m switch to enable full debug logging.
[[1;31mERROR[m] 
[[1;31mERROR[m] For more information about the errors and possible solutions, please read the following articles:
[[1;31mERROR[m] [1m[Help 1][m http://cwiki.apache.org/confluence/display/MAVEN/MojoExecutionException
