[[1;34mINFO[m] Scanning for projects...
[[1;34mINFO[m] 
[[1;34mINFO[m] [1m----------------------< [0;36mcom.GroupProject:Review[0;1m >-----------------------[m
[[1;34mINFO[m] [1mBuilding Review 0.0.1-SNAPSHOT[m
[[1;34mINFO[m] [1m--------------------------------[ jar ]---------------------------------[m
[[1;34mINFO[m] 
[[1;34mINFO[m] [1m>>> [0;32mspring-boot-maven-plugin:3.5.3:run[m [1m(default-cli)[0;1m > [0;1mtest-compile[m @ [36mReview[0;1m >>>[m
[[1;34mINFO[m] 
[[1;34mINFO[m] [1m--- [0;32mmaven-resources-plugin:3.3.1:resources[m [1m(default-resources)[m @ [36mReview[0;1m ---[m
[[1;34mINFO[m] Copying 1 resource from src/main/resources to target/classes
[[1;34mINFO[m] Copying 1 resource from src/main/resources to target/classes
[[1;34mINFO[m] 
[[1;34mINFO[m] [1m--- [0;32mmaven-compiler-plugin:3.14.0:compile[m [1m(default-compile)[m @ [36mReview[0;1m ---[m
[[1;34mINFO[m] Nothing to compile - all classes are up to date.
[[1;34mINFO[m] 
[[1;34mINFO[m] [1m--- [0;32mmaven-resources-plugin:3.3.1:testResources[m [1m(default-testResources)[m @ [36mReview[0;1m ---[m
[[1;34mINFO[m] skip non existing resourceDirectory /home/arytiw/RentCart/lks/RentCart/Review/src/test/resources
[[1;34mINFO[m] 
[[1;34mINFO[m] [1m--- [0;32mmaven-compiler-plugin:3.14.0:testCompile[m [1m(default-testCompile)[m @ [36mReview[0;1m ---[m
[[1;34mINFO[m] Nothing to compile - all classes are up to date.
[[1;34mINFO[m] 
[[1;34mINFO[m] [1m<<< [0;32mspring-boot-maven-plugin:3.5.3:run[m [1m(default-cli)[0;1m < [0;1mtest-compile[m @ [36mReview[0;1m <<<[m
[[1;34mINFO[m] 
[[1;34mINFO[m] 
[[1;34mINFO[m] [1m--- [0;32mspring-boot-maven-plugin:3.5.3:run[m [1m(default-cli)[m @ [36mReview[0;1m ---[m
[[1;34mINFO[m] Attaching agents: []

  .   ____          _            __ _ _
 /\\ / ___'_ __ _ _(_)_ __  __ _ \ \ \ \
( ( )\___ | '_ | '_| | '_ \/ _` | \ \ \ \
 \\/  ___)| |_)| | | | | || (_| |  ) ) ) )
  '  |____| .__|_| |_|_| |_\__, | / / / /
 =========|_|==============|___/=/_/_/_/

 :: Spring Boot ::                (v3.5.3)

2025-07-26T01:45:17.102+05:30  INFO 313228 --- [Review] [           main] c.GroupProject.Review.ReviewApplication  : Starting ReviewApplication using Java 17.0.15 with PID 313228 (/home/arytiw/RentCart/lks/RentCart/Review/target/classes started by arytiw in /home/arytiw/RentCart/lks/RentCart/Review)
2025-07-26T01:45:17.103+05:30  INFO 313228 --- [Review] [           main] c.GroupProject.Review.ReviewApplication  : No active profile set, falling back to 1 default profile: "default"
2025-07-26T01:45:17.498+05:30  INFO 313228 --- [Review] [           main] .s.d.r.c.RepositoryConfigurationDelegate : Bootstrapping Spring Data MongoDB repositories in DEFAULT mode.
2025-07-26T01:45:17.537+05:30  INFO 313228 --- [Review] [           main] .s.d.r.c.RepositoryConfigurationDelegate : Finished Spring Data repository scanning in 36 ms. Found 1 MongoDB repository interface.
2025-07-26T01:45:17.784+05:30  INFO 313228 --- [Review] [           main] o.s.b.w.embedded.tomcat.TomcatWebServer  : Tomcat initialized with port 9095 (http)
2025-07-26T01:45:17.794+05:30  INFO 313228 --- [Review] [           main] o.apache.catalina.core.StandardService   : Starting service [Tomcat]
2025-07-26T01:45:17.794+05:30  INFO 313228 --- [Review] [           main] o.apache.catalina.core.StandardEngine    : Starting Servlet engine: [Apache Tomcat/10.1.42]
2025-07-26T01:45:17.821+05:30  INFO 313228 --- [Review] [           main] o.a.c.c.C.[Tomcat].[localhost].[/]       : Initializing Spring embedded WebApplicationContext
2025-07-26T01:45:17.823+05:30  INFO 313228 --- [Review] [           main] w.s.c.ServletWebServerApplicationContext : Root WebApplicationContext: initialization completed in 688 ms
2025-07-26T01:45:17.961+05:30  INFO 313228 --- [Review] [lbb.mongodb.net] org.mongodb.driver.cluster               : Adding discovered server ac-rjqfimd-shard-00-02.rpnqlbb.mongodb.net:27017 to client view of cluster
2025-07-26T01:45:17.967+05:30  INFO 313228 --- [Review] [           main] org.mongodb.driver.client                : MongoClient with metadata {"application": {"name": "RentCart"}, "driver": {"name": "mongo-java-driver|sync|spring-boot", "version": "5.5.1"}, "os": {"type": "Linux", "name": "Linux", "architecture": "amd64", "version": "6.11.0-29-generic"}, "platform": "Java/Ubuntu/17.0.15+6-Ubuntu-0ubuntu124.04"} created with settings MongoClientSettings{readPreference=primary, writeConcern=WriteConcern{w=majority, wTimeout=null ms, journal=null}, retryWrites=true, retryReads=true, readConcern=ReadConcern{level=null}, credential=MongoCredential{mechanism=null, userName='mayurkotwal75', source='admin', password=<hidden>, mechanismProperties=<hidden>}, transportSettings=null, commandListeners=[], codecRegistry=ProvidersCodecRegistry{codecProviders=[ValueCodecProvider{}, BsonValueCodecProvider{}, DBRefCodecProvider{}, DBObjectCodecProvider{}, DocumentCodecProvider{}, CollectionCodecProvider{}, IterableCodecProvider{}, MapCodecProvider{}, GeoJsonCodecProvider{}, GridFSFileCodecProvider{}, Jsr310CodecProvider{}, JsonObjectCodecProvider{}, BsonCodecProvider{}, EnumCodecProvider{}, com.mongodb.client.model.mql.ExpressionCodecProvider@421def93, com.mongodb.Jep395RecordCodecProvider@58c1da09, com.mongodb.KotlinCodecProvider@2b2954e1]}, loggerSettings=LoggerSettings{maxDocumentLength=1000}, clusterSettings={hosts=[127.0.0.1:27017], srvHost=rentcart.rpnqlbb.mongodb.net, srvServiceName=mongodb, mode=MULTIPLE, requiredClusterType=REPLICA_SET, requiredReplicaSetName='atlas-x8u1qz-shard-0', serverSelector='null', clusterListeners='[]', serverSelectionTimeout='30000 ms', localThreshold='15 ms'}, socketSettings=SocketSettings{connectTimeoutMS=10000, readTimeoutMS=0, receiveBufferSize=0, proxySettings=ProxySettings{host=null, port=null, username=null, password=null}}, heartbeatSocketSettings=SocketSettings{connectTimeoutMS=10000, readTimeoutMS=10000, receiveBufferSize=0, proxySettings=ProxySettings{host=null, port=null, username=null, password=null}}, connectionPoolSettings=ConnectionPoolSettings{maxSize=100, minSize=0, maxWaitTimeMS=120000, maxConnectionLifeTimeMS=0, maxConnectionIdleTimeMS=0, maintenanceInitialDelayMS=0, maintenanceFrequencyMS=60000, connectionPoolListeners=[], maxConnecting=2}, serverSettings=ServerSettings{heartbeatFrequencyMS=10000, minHeartbeatFrequencyMS=500, serverMonitoringMode=AUTO, serverListeners='[]', serverMonitorListeners='[]'}, sslSettings=SslSettings{enabled=true, invalidHostNameAllowed=false, context=null}, applicationName='RentCart', compressorList=[], uuidRepresentation=JAVA_LEGACY, serverApi=null, autoEncryptionSettings=null, dnsClient=null, inetAddressResolver=null, contextProvider=null, timeoutMS=null}
2025-07-26T01:45:17.979+05:30  INFO 313228 --- [Review] [lbb.mongodb.net] org.mongodb.driver.cluster               : Adding discovered server ac-rjqfimd-shard-00-01.rpnqlbb.mongodb.net:27017 to client view of cluster
2025-07-26T01:45:17.981+05:30  INFO 313228 --- [Review] [lbb.mongodb.net] org.mongodb.driver.cluster               : Adding discovered server ac-rjqfimd-shard-00-00.rpnqlbb.mongodb.net:27017 to client view of cluster
2025-07-26T01:45:18.230+05:30  INFO 313228 --- [Review] [           main] o.s.b.a.w.s.WelcomePageHandlerMapping    : Adding welcome page: class path resource [static/index.html]
2025-07-26T01:45:18.241+05:30  INFO 313228 --- [Review] [ngodb.net:27017] org.mongodb.driver.cluster               : Monitor thread successfully connected to server with description ServerDescription{address=ac-rjqfimd-shard-00-01.rpnqlbb.mongodb.net:27017, type=REPLICA_SET_SECONDARY, cryptd=false, state=CONNECTED, ok=true, minWireVersion=0, maxWireVersion=25, maxDocumentSize=16777216, logicalSessionTimeoutMinutes=30, roundTripTimeNanos=126923314, minRoundTripTimeNanos=0, setName='atlas-x8u1qz-shard-0', canonicalAddress=ac-rjqfimd-shard-00-01.rpnqlbb.mongodb.net:27017, hosts=[ac-rjqfimd-shard-00-00.rpnqlbb.mongodb.net:27017, ac-rjqfimd-shard-00-01.rpnqlbb.mongodb.net:27017, ac-rjqfimd-shard-00-02.rpnqlbb.mongodb.net:27017], passives=[], arbiters=[], primary='ac-rjqfimd-shard-00-02.rpnqlbb.mongodb.net:27017', tagSet=TagSet{[Tag{name='availabilityZone', value='aps1-az3'}, Tag{name='diskState', value='READY'}, Tag{name='nodeType', value='ELECTABLE'}, Tag{name='provider', value='AWS'}, Tag{name='region', value='AP_SOUTH_1'}, Tag{name='workloadType', value='OPERATIONAL'}]}, electionId=null, setVersion=230, topologyVersion=TopologyVersion{processId=687a6a1cdd4fe57fac26c8ca, counter=3}, lastWriteDate=Sat Jul 26 01:45:17 IST 2025, lastUpdateTimeNanos=26107775516800}
2025-07-26T01:45:18.241+05:30  INFO 313228 --- [Review] [ngodb.net:27017] org.mongodb.driver.cluster               : Monitor thread successfully connected to server with description ServerDescription{address=ac-rjqfimd-shard-00-00.rpnqlbb.mongodb.net:27017, type=REPLICA_SET_SECONDARY, cryptd=false, state=CONNECTED, ok=true, minWireVersion=0, maxWireVersion=25, maxDocumentSize=16777216, logicalSessionTimeoutMinutes=30, roundTripTimeNanos=115479057, minRoundTripTimeNanos=0, setName='atlas-x8u1qz-shard-0', canonicalAddress=ac-rjqfimd-shard-00-00.rpnqlbb.mongodb.net:27017, hosts=[ac-rjqfimd-shard-00-00.rpnqlbb.mongodb.net:27017, ac-rjqfimd-shard-00-01.rpnqlbb.mongodb.net:27017, ac-rjqfimd-shard-00-02.rpnqlbb.mongodb.net:27017], passives=[], arbiters=[], primary='ac-rjqfimd-shard-00-02.rpnqlbb.mongodb.net:27017', tagSet=TagSet{[Tag{name='availabilityZone', value='aps1-az1'}, Tag{name='diskState', value='READY'}, Tag{name='nodeType', value='ELECTABLE'}, Tag{name='provider', value='AWS'}, Tag{name='region', value='AP_SOUTH_1'}, Tag{name='workloadType', value='OPERATIONAL'}]}, electionId=null, setVersion=230, topologyVersion=TopologyVersion{processId=687a650146057121944465e6, counter=4}, lastWriteDate=Sat Jul 26 01:45:17 IST 2025, lastUpdateTimeNanos=26107775517421}
2025-07-26T01:45:18.242+05:30  INFO 313228 --- [Review] [ngodb.net:27017] org.mongodb.driver.cluster               : Monitor thread successfully connected to server with description ServerDescription{address=ac-rjqfimd-shard-00-02.rpnqlbb.mongodb.net:27017, type=REPLICA_SET_PRIMARY, cryptd=false, state=CONNECTED, ok=true, minWireVersion=0, maxWireVersion=25, maxDocumentSize=16777216, logicalSessionTimeoutMinutes=30, roundTripTimeNanos=115938218, minRoundTripTimeNanos=0, setName='atlas-x8u1qz-shard-0', canonicalAddress=ac-rjqfimd-shard-00-02.rpnqlbb.mongodb.net:27017, hosts=[ac-rjqfimd-shard-00-00.rpnqlbb.mongodb.net:27017, ac-rjqfimd-shard-00-01.rpnqlbb.mongodb.net:27017, ac-rjqfimd-shard-00-02.rpnqlbb.mongodb.net:27017], passives=[], arbiters=[], primary='ac-rjqfimd-shard-00-02.rpnqlbb.mongodb.net:27017', tagSet=TagSet{[Tag{name='availabilityZone', value='aps1-az2'}, Tag{name='diskState', value='READY'}, Tag{name='nodeType', value='ELECTABLE'}, Tag{name='provider', value='AWS'}, Tag{name='region', value='AP_SOUTH_1'}, Tag{name='workloadType', value='OPERATIONAL'}]}, electionId=7fffffff00000000000000d9, setVersion=230, topologyVersion=TopologyVersion{processId=687a67224a71bededb4026aa, counter=6}, lastWriteDate=Sat Jul 26 01:45:17 GMT+05:30 2025, lastUpdateTimeNanos=26107775516805}
2025-07-26T01:45:18.244+05:30  INFO 313228 --- [Review] [ngodb.net:27017] org.mongodb.driver.cluster               : Discovered replica set primary ac-rjqfimd-shard-00-02.rpnqlbb.mongodb.net:27017 with max election id 7fffffff00000000000000d9 and max set version 230
2025-07-26T01:45:18.409+05:30  WARN 313228 --- [Review] [           main] ConfigServletWebServerApplicationContext : Exception encountered during context initialization - cancelling refresh attempt: org.springframework.context.ApplicationContextException: Failed to start bean 'webServerStartStop'
2025-07-26T01:45:18.423+05:30  INFO 313228 --- [Review] [           main] .s.b.a.l.ConditionEvaluationReportLogger : 

Error starting ApplicationContext. To display the condition evaluation report re-run your application with 'debug' enabled.
2025-07-26T01:45:18.433+05:30 ERROR 313228 --- [Review] [           main] o.s.b.d.LoggingFailureAnalysisReporter   : 

***************************
APPLICATION FAILED TO START
***************************

Description:

Web server failed to start. Port 9095 was already in use.

Action:

Identify and stop the process that's listening on port 9095 or configure this application to listen on another port.

[[1;34mINFO[m] [1m------------------------------------------------------------------------[m
[[1;34mINFO[m] [1;31mBUILD FAILURE[m
[[1;34mINFO[m] [1m------------------------------------------------------------------------[m
[[1;34mINFO[m] Total time:  2.633 s
[[1;34mINFO[m] Finished at: 2025-07-26T01:45:18+05:30
[[1;34mINFO[m] [1m------------------------------------------------------------------------[m
[[1;31mERROR[m] Failed to execute goal [32morg.springframework.boot:spring-boot-maven-plugin:3.5.3:run[m [1m(default-cli)[m on project [36mReview[m: [1;31mProcess terminated with exit code: 1[m -> [1m[Help 1][m
[[1;31mERROR[m] 
[[1;31mERROR[m] To see the full stack trace of the errors, re-run Maven with the [1m-e[m switch.
[[1;31mERROR[m] Re-run Maven using the [1m-X[m switch to enable full debug logging.
[[1;31mERROR[m] 
[[1;31mERROR[m] For more information about the errors and possible solutions, please read the following articles:
[[1;31mERROR[m] [1m[Help 1][m http://cwiki.apache.org/confluence/display/MAVEN/MojoExecutionException
