2025-07-25 11:36:56 [main] INFO  c.G.OrderService.RentCartApplication - Starting RentCartApplication using Java 23.0.1 with PID 88960 (C:\Users\vedan\SpringBoot Project\RentCart\OrderService\target\classes started by vedan in C:\Users\vedan\SpringBoot Project\RentCart\OrderService)
2025-07-25 11:36:56 [main] DEBUG c.G.OrderService.RentCartApplication - Running with Spring Boot v3.5.3, Spring v6.2.8
2025-07-25 11:36:56 [main] INFO  c.G.OrderService.RentCartApplication - No active profile set, falling back to 1 default profile: "default"
2025-07-25 11:36:56 [main] INFO  o.s.d.r.c.RepositoryConfigurationDelegate - Bootstrapping Spring Data MongoDB repositories in DEFAULT mode.
2025-07-25 11:36:56 [main] INFO  o.s.d.r.c.RepositoryConfigurationDelegate - Finished Spring Data repository scanning in 92 ms. Found 2 MongoDB repository interfaces.
2025-07-25 11:36:57 [main] INFO  o.s.b.w.e.tomcat.TomcatWebServer - Tomcat initialized with port 9092 (http)
2025-07-25 11:36:57 [main] INFO  o.a.coyote.http11.Http11NioProtocol - Initializing ProtocolHandler ["http-nio-9092"]
2025-07-25 11:36:57 [main] INFO  o.a.catalina.core.StandardService - Starting service [Tomcat]
2025-07-25 11:36:57 [main] INFO  o.a.catalina.core.StandardEngine - Starting Servlet engine: [Apache Tomcat/10.1.42]
2025-07-25 11:36:57 [main] INFO  o.a.c.c.C.[Tomcat].[localhost].[/] - Initializing Spring embedded WebApplicationContext
2025-07-25 11:36:57 [main] INFO  o.s.b.w.s.c.ServletWebServerApplicationContext - Root WebApplicationContext: initialization completed in 1366 ms
2025-07-25 11:36:57 [cluster-ClusterId{value='68831f01b5cc88a5442980c1', description='RentCart'}-srv-rentcart.rpnqlbb.mongodb.net] INFO  org.mongodb.driver.cluster - Adding discovered server ac-rjqfimd-shard-00-02.rpnqlbb.mongodb.net:27017 to client view of cluster
2025-07-25 11:36:57 [main] INFO  org.mongodb.driver.client - MongoClient with metadata {"application": {"name": "RentCart"}, "driver": {"name": "mongo-java-driver|sync|spring-boot", "version": "5.5.1"}, "os": {"type": "Windows", "name": "Windows 11", "architecture": "amd64", "version": "10.0"}, "platform": "Java/Oracle Corporation/23.0.1+11-39"} created with settings MongoClientSettings{readPreference=primary, writeConcern=WriteConcern{w=majority, wTimeout=null ms, journal=null}, retryWrites=true, retryReads=true, readConcern=ReadConcern{level=null}, credential=MongoCredential{mechanism=null, userName='mayurkotwal75', source='admin', password=<hidden>, mechanismProperties=<hidden>}, transportSettings=null, commandListeners=[], codecRegistry=ProvidersCodecRegistry{codecProviders=[ValueCodecProvider{}, BsonValueCodecProvider{}, DBRefCodecProvider{}, DBObjectCodecProvider{}, DocumentCodecProvider{}, CollectionCodecProvider{}, IterableCodecProvider{}, MapCodecProvider{}, GeoJsonCodecProvider{}, GridFSFileCodecProvider{}, Jsr310CodecProvider{}, JsonObjectCodecProvider{}, BsonCodecProvider{}, EnumCodecProvider{}, com.mongodb.client.model.mql.ExpressionCodecProvider@500051c5, com.mongodb.Jep395RecordCodecProvider@ec7b5de, com.mongodb.KotlinCodecProvider@4c19d42e]}, loggerSettings=LoggerSettings{maxDocumentLength=1000}, clusterSettings={hosts=[127.0.0.1:27017], srvHost=rentcart.rpnqlbb.mongodb.net, srvServiceName=mongodb, mode=MULTIPLE, requiredClusterType=REPLICA_SET, requiredReplicaSetName='atlas-x8u1qz-shard-0', serverSelector='null', clusterListeners='[]', serverSelectionTimeout='30000 ms', localThreshold='15 ms'}, socketSettings=SocketSettings{connectTimeoutMS=10000, readTimeoutMS=0, receiveBufferSize=0, proxySettings=ProxySettings{host=null, port=null, username=null, password=null}}, heartbeatSocketSettings=SocketSettings{connectTimeoutMS=10000, readTimeoutMS=10000, receiveBufferSize=0, proxySettings=ProxySettings{host=null, port=null, username=null, password=null}}, connectionPoolSettings=ConnectionPoolSettings{maxSize=100, minSize=0, maxWaitTimeMS=120000, maxConnectionLifeTimeMS=0, maxConnectionIdleTimeMS=0, maintenanceInitialDelayMS=0, maintenanceFrequencyMS=60000, connectionPoolListeners=[], maxConnecting=2}, serverSettings=ServerSettings{heartbeatFrequencyMS=10000, minHeartbeatFrequencyMS=500, serverMonitoringMode=AUTO, serverListeners='[]', serverMonitorListeners='[]'}, sslSettings=SslSettings{enabled=true, invalidHostNameAllowed=false, context=null}, applicationName='RentCart', compressorList=[], uuidRepresentation=JAVA_LEGACY, serverApi=null, autoEncryptionSettings=null, dnsClient=null, inetAddressResolver=null, contextProvider=null, timeoutMS=null}
2025-07-25 11:36:57 [cluster-ClusterId{value='68831f01b5cc88a5442980c1', description='RentCart'}-srv-rentcart.rpnqlbb.mongodb.net] INFO  org.mongodb.driver.cluster - Adding discovered server ac-rjqfimd-shard-00-00.rpnqlbb.mongodb.net:27017 to client view of cluster
2025-07-25 11:36:57 [cluster-ClusterId{value='68831f01b5cc88a5442980c1', description='RentCart'}-srv-rentcart.rpnqlbb.mongodb.net] INFO  org.mongodb.driver.cluster - Adding discovered server ac-rjqfimd-shard-00-01.rpnqlbb.mongodb.net:27017 to client view of cluster
2025-07-25 11:36:58 [cluster-ClusterId{value='68831f01b5cc88a5442980c1', description='RentCart'}-ac-rjqfimd-shard-00-02.rpnqlbb.mongodb.net:27017] INFO  org.mongodb.driver.cluster - Monitor thread successfully connected to server with description ServerDescription{address=ac-rjqfimd-shard-00-02.rpnqlbb.mongodb.net:27017, type=REPLICA_SET_PRIMARY, cryptd=false, state=CONNECTED, ok=true, minWireVersion=0, maxWireVersion=25, maxDocumentSize=16777216, logicalSessionTimeoutMinutes=30, roundTripTimeNanos=318669400, minRoundTripTimeNanos=0, setName='atlas-x8u1qz-shard-0', canonicalAddress=ac-rjqfimd-shard-00-02.rpnqlbb.mongodb.net:27017, hosts=[ac-rjqfimd-shard-00-00.rpnqlbb.mongodb.net:27017, ac-rjqfimd-shard-00-01.rpnqlbb.mongodb.net:27017, ac-rjqfimd-shard-00-02.rpnqlbb.mongodb.net:27017], passives=[], arbiters=[], primary='ac-rjqfimd-shard-00-02.rpnqlbb.mongodb.net:27017', tagSet=TagSet{[Tag{name='availabilityZone', value='aps1-az2'}, Tag{name='diskState', value='READY'}, Tag{name='nodeType', value='ELECTABLE'}, Tag{name='provider', value='AWS'}, Tag{name='region', value='AP_SOUTH_1'}, Tag{name='workloadType', value='OPERATIONAL'}]}, electionId=7fffffff00000000000000d9, setVersion=230, topologyVersion=TopologyVersion{processId=687a67224a71bededb4026aa, counter=6}, lastWriteDate=Fri Jul 25 11:36:58 IST 2025, lastUpdateTimeNanos=1345195058056600}
2025-07-25 11:36:58 [cluster-ClusterId{value='68831f01b5cc88a5442980c1', description='RentCart'}-ac-rjqfimd-shard-00-00.rpnqlbb.mongodb.net:27017] INFO  org.mongodb.driver.cluster - Monitor thread successfully connected to server with description ServerDescription{address=ac-rjqfimd-shard-00-00.rpnqlbb.mongodb.net:27017, type=REPLICA_SET_SECONDARY, cryptd=false, state=CONNECTED, ok=true, minWireVersion=0, maxWireVersion=25, maxDocumentSize=16777216, logicalSessionTimeoutMinutes=30, roundTripTimeNanos=318681500, minRoundTripTimeNanos=0, setName='atlas-x8u1qz-shard-0', canonicalAddress=ac-rjqfimd-shard-00-00.rpnqlbb.mongodb.net:27017, hosts=[ac-rjqfimd-shard-00-00.rpnqlbb.mongodb.net:27017, ac-rjqfimd-shard-00-01.rpnqlbb.mongodb.net:27017, ac-rjqfimd-shard-00-02.rpnqlbb.mongodb.net:27017], passives=[], arbiters=[], primary='ac-rjqfimd-shard-00-02.rpnqlbb.mongodb.net:27017', tagSet=TagSet{[Tag{name='availabilityZone', value='aps1-az1'}, Tag{name='diskState', value='READY'}, Tag{name='nodeType', value='ELECTABLE'}, Tag{name='provider', value='AWS'}, Tag{name='region', value='AP_SOUTH_1'}, Tag{name='workloadType', value='OPERATIONAL'}]}, electionId=null, setVersion=230, topologyVersion=TopologyVersion{processId=687a650146057121944465e6, counter=4}, lastWriteDate=Fri Jul 25 11:36:58 IST 2025, lastUpdateTimeNanos=1345195058056400}
2025-07-25 11:36:58 [cluster-ClusterId{value='68831f01b5cc88a5442980c1', description='RentCart'}-ac-rjqfimd-shard-00-01.rpnqlbb.mongodb.net:27017] INFO  org.mongodb.driver.cluster - Monitor thread successfully connected to server with description ServerDescription{address=ac-rjqfimd-shard-00-01.rpnqlbb.mongodb.net:27017, type=REPLICA_SET_SECONDARY, cryptd=false, state=CONNECTED, ok=true, minWireVersion=0, maxWireVersion=25, maxDocumentSize=16777216, logicalSessionTimeoutMinutes=30, roundTripTimeNanos=318792600, minRoundTripTimeNanos=0, setName='atlas-x8u1qz-shard-0', canonicalAddress=ac-rjqfimd-shard-00-01.rpnqlbb.mongodb.net:27017, hosts=[ac-rjqfimd-shard-00-00.rpnqlbb.mongodb.net:27017, ac-rjqfimd-shard-00-01.rpnqlbb.mongodb.net:27017, ac-rjqfimd-shard-00-02.rpnqlbb.mongodb.net:27017], passives=[], arbiters=[], primary='ac-rjqfimd-shard-00-02.rpnqlbb.mongodb.net:27017', tagSet=TagSet{[Tag{name='availabilityZone', value='aps1-az3'}, Tag{name='diskState', value='READY'}, Tag{name='nodeType', value='ELECTABLE'}, Tag{name='provider', value='AWS'}, Tag{name='region', value='AP_SOUTH_1'}, Tag{name='workloadType', value='OPERATIONAL'}]}, electionId=null, setVersion=230, topologyVersion=TopologyVersion{processId=687a6a1cdd4fe57fac26c8ca, counter=3}, lastWriteDate=Fri Jul 25 11:36:58 IST 2025, lastUpdateTimeNanos=1345195058056600}
2025-07-25 11:36:58 [cluster-ClusterId{value='68831f01b5cc88a5442980c1', description='RentCart'}-ac-rjqfimd-shard-00-02.rpnqlbb.mongodb.net:27017] INFO  org.mongodb.driver.cluster - Discovered replica set primary ac-rjqfimd-shard-00-02.rpnqlbb.mongodb.net:27017 with max election id 7fffffff00000000000000d9 and max set version 230
2025-07-25 11:36:58 [main] INFO  o.a.coyote.http11.Http11NioProtocol - Starting ProtocolHandler ["http-nio-9092"]
2025-07-25 11:36:58 [main] INFO  o.s.b.w.e.tomcat.TomcatWebServer - Tomcat started on port 9092 (http) with context path '/'
2025-07-25 11:36:58 [main] INFO  c.G.OrderService.RentCartApplication - Started RentCartApplication in 3.411 seconds (process running for 3.74)
2025-07-25 11:41:41 [http-nio-9092-exec-3] INFO  o.a.c.c.C.[Tomcat].[localhost].[/] - Initializing Spring DispatcherServlet 'dispatcherServlet'
2025-07-25 11:41:41 [http-nio-9092-exec-3] INFO  o.s.web.servlet.DispatcherServlet - Initializing Servlet 'dispatcherServlet'
2025-07-25 11:41:41 [http-nio-9092-exec-3] INFO  o.s.web.servlet.DispatcherServlet - Completed initialization in 8 ms
2025-07-25 11:41:41 [http-nio-9092-exec-3] INFO  c.G.O.Controller.OrderController - Initiating order for user: KartikSaste
2025-07-25 11:41:41 [http-nio-9092-exec-3] INFO  c.G.O.Service.OrderService - Calculating total amount for itemIds: [68828b1ba1bdde6a0bedde8c]
2025-07-25 11:41:42 [http-nio-9092-exec-3] INFO  c.G.O.Service.OrderService - Found 1 items out of 1 requested
2025-07-25 11:41:42 [http-nio-9092-exec-3] INFO  c.G.O.Service.OrderService - Total amount before discount: 400.0
2025-07-25 11:41:42 [http-nio-9092-exec-3] INFO  c.G.O.Service.OrderService - Final amount after discount: 400.0
2025-07-25 11:41:42 [http-nio-9092-exec-3] INFO  c.G.O.Controller.OrderController - Calculated total amount: 400.0
2025-07-25 11:41:42 [http-nio-9092-exec-3] INFO  c.G.O.Service.RazorpayService - Creating Razorpay order with amount: 400.0 INR
2025-07-25 11:41:42 [http-nio-9092-exec-3] INFO  c.G.O.Service.RazorpayService - Using Razorpay key: 'rzp_test_0TV00DG1iL8ZEz', secret: '5ONL...' (masked)
2025-07-25 11:41:42 [http-nio-9092-exec-3] INFO  c.G.O.Service.RazorpayService - Initializing Razorpay client...
2025-07-25 11:41:42 [http-nio-9092-exec-3] DEBUG c.G.O.Service.RazorpayService - Razorpay options: {"amount":40000,"payment_capture":1,"currency":"INR","receipt":"order_rcptid_1753423902366"}
2025-07-25 11:41:43 [http-nio-9092-exec-3] INFO  c.G.O.Service.RazorpayService - Razorpay order created, processing response...
2025-07-25 11:41:43 [http-nio-9092-exec-3] INFO  c.G.O.Service.RazorpayService - Razorpay order created successfully
2025-07-25 11:41:43 [http-nio-9092-exec-3] INFO  c.G.O.Controller.OrderController - Order initiated successfully for user: KartikSaste
2025-07-25 11:42:57 [http-nio-9092-exec-4] INFO  c.G.O.Controller.OrderController - Confirming order with details for user: KartikSaste
2025-07-25 11:42:57 [http-nio-9092-exec-4] INFO  c.G.O.Service.OrderService - Placing order with payment verification for user: KartikSaste
2025-07-25 11:42:57 [http-nio-9092-exec-4] INFO  c.G.O.Service.RazorpayService - Verifying payment for order: order_QxCGKgU22NuYYS and payment: pay_QxCHOXKFhmQRx2
2025-07-25 11:42:57 [http-nio-9092-exec-4] INFO  c.G.O.Service.RazorpayService - Payment verification successful for order: order_QxCGKgU22NuYYS
2025-07-25 11:42:57 [http-nio-9092-exec-4] INFO  c.G.O.Service.OrderService - Placing confirmed order for user: KartikSaste
2025-07-25 11:42:57 [http-nio-9092-exec-4] INFO  c.G.O.Service.OrderService - Calculating total amount for itemIds: [68828b1ba1bdde6a0bedde8c]
2025-07-25 11:42:57 [http-nio-9092-exec-4] INFO  c.G.O.Service.OrderService - Found 1 items out of 1 requested
2025-07-25 11:42:57 [http-nio-9092-exec-4] INFO  c.G.O.Service.OrderService - Total amount before discount: 400.0
2025-07-25 11:42:57 [http-nio-9092-exec-4] INFO  c.G.O.Service.OrderService - Final amount after discount: 400.0
2025-07-25 11:42:57 [http-nio-9092-exec-4] INFO  c.G.O.Service.OrderService - Order placed successfully with ID: 68832069b5cc88a5442980c2
2025-07-25 11:42:57 [http-nio-9092-exec-4] INFO  c.G.O.Controller.OrderController - Order confirmed successfully for user: KartikSaste with order ID: 68832069b5cc88a5442980c2
2025-07-25 11:44:58 [http-nio-9092-exec-5] INFO  c.G.O.Controller.OrderController - Initiating order for user: KartikSaste
2025-07-25 11:44:58 [http-nio-9092-exec-5] INFO  c.G.O.Service.OrderService - Calculating total amount for itemIds: [68829d11a1bdde6a0bedde8d]
2025-07-25 11:44:58 [http-nio-9092-exec-5] INFO  c.G.O.Service.OrderService - Found 1 items out of 1 requested
2025-07-25 11:44:58 [http-nio-9092-exec-5] INFO  c.G.O.Service.OrderService - Total amount before discount: 1000.0
2025-07-25 11:44:58 [http-nio-9092-exec-5] INFO  c.G.O.Service.OrderService - Final amount after discount: 1000.0
2025-07-25 11:44:58 [http-nio-9092-exec-5] INFO  c.G.O.Controller.OrderController - Calculated total amount: 1000.0
2025-07-25 11:44:58 [http-nio-9092-exec-5] INFO  c.G.O.Service.RazorpayService - Creating Razorpay order with amount: 1000.0 INR
2025-07-25 11:44:58 [http-nio-9092-exec-5] INFO  c.G.O.Service.RazorpayService - Using Razorpay key: 'rzp_test_0TV00DG1iL8ZEz', secret: '5ONL...' (masked)
2025-07-25 11:44:58 [http-nio-9092-exec-5] INFO  c.G.O.Service.RazorpayService - Initializing Razorpay client...
2025-07-25 11:44:58 [http-nio-9092-exec-5] DEBUG c.G.O.Service.RazorpayService - Razorpay options: {"amount":100000,"payment_capture":1,"currency":"INR","receipt":"order_rcptid_1753424098406"}
2025-07-25 11:44:58 [http-nio-9092-exec-5] INFO  c.G.O.Service.RazorpayService - Razorpay order created, processing response...
2025-07-25 11:44:58 [http-nio-9092-exec-5] INFO  c.G.O.Service.RazorpayService - Razorpay order created successfully
2025-07-25 11:44:58 [http-nio-9092-exec-5] INFO  c.G.O.Controller.OrderController - Order initiated successfully for user: KartikSaste
2025-07-25 11:45:34 [http-nio-9092-exec-6] INFO  c.G.O.Controller.OrderController - Confirming order with details for user: KartikSaste
2025-07-25 11:45:34 [http-nio-9092-exec-6] INFO  c.G.O.Service.OrderService - Placing order with payment verification for user: KartikSaste
2025-07-25 11:45:34 [http-nio-9092-exec-6] INFO  c.G.O.Service.RazorpayService - Verifying payment for order: order_QxCJlSa7UYChoo and payment: pay_QxCKAUH6BIkj1G
2025-07-25 11:45:34 [http-nio-9092-exec-6] INFO  c.G.O.Service.RazorpayService - Payment verification successful for order: order_QxCJlSa7UYChoo
2025-07-25 11:45:34 [http-nio-9092-exec-6] INFO  c.G.O.Service.OrderService - Placing confirmed order for user: KartikSaste
2025-07-25 11:45:34 [http-nio-9092-exec-6] INFO  c.G.O.Service.OrderService - Calculating total amount for itemIds: [68829d11a1bdde6a0bedde8d]
2025-07-25 11:45:34 [http-nio-9092-exec-6] INFO  c.G.O.Service.OrderService - Found 1 items out of 1 requested
2025-07-25 11:45:34 [http-nio-9092-exec-6] INFO  c.G.O.Service.OrderService - Total amount before discount: 1000.0
2025-07-25 11:45:34 [http-nio-9092-exec-6] INFO  c.G.O.Service.OrderService - Final amount after discount: 1000.0
2025-07-25 11:45:34 [http-nio-9092-exec-6] INFO  c.G.O.Service.OrderService - Order placed successfully with ID: 68832106b5cc88a5442980c3
2025-07-25 11:45:34 [http-nio-9092-exec-6] INFO  c.G.O.Controller.OrderController - Order confirmed successfully for user: KartikSaste with order ID: 68832106b5cc88a5442980c3
2025-07-25 12:13:38 [SpringApplicationShutdownHook] INFO  o.s.b.w.e.tomcat.GracefulShutdown - Commencing graceful shutdown. Waiting for active requests to complete
2025-07-25 12:13:38 [tomcat-shutdown] INFO  o.s.b.w.e.tomcat.GracefulShutdown - Graceful shutdown complete
2025-07-25 12:25:39 [main] INFO  c.G.OrderService.RentCartApplication - Starting RentCartApplication using Java 23.0.1 with PID 135496 (C:\Users\vedan\SpringBoot Project\RentCart\OrderService\target\classes started by vedan in C:\Users\vedan\SpringBoot Project\RentCart\OrderService)
2025-07-25 12:25:39 [main] DEBUG c.G.OrderService.RentCartApplication - Running with Spring Boot v3.5.3, Spring v6.2.8
2025-07-25 12:25:39 [main] INFO  c.G.OrderService.RentCartApplication - No active profile set, falling back to 1 default profile: "default"
2025-07-25 12:25:40 [main] INFO  o.s.d.r.c.RepositoryConfigurationDelegate - Bootstrapping Spring Data MongoDB repositories in DEFAULT mode.
2025-07-25 12:25:40 [main] INFO  o.s.d.r.c.RepositoryConfigurationDelegate - Finished Spring Data repository scanning in 63 ms. Found 2 MongoDB repository interfaces.
2025-07-25 12:25:41 [main] INFO  o.s.b.w.e.tomcat.TomcatWebServer - Tomcat initialized with port 9092 (http)
2025-07-25 12:25:41 [main] INFO  o.a.coyote.http11.Http11NioProtocol - Initializing ProtocolHandler ["http-nio-9092"]
2025-07-25 12:25:41 [main] INFO  o.a.catalina.core.StandardService - Starting service [Tomcat]
2025-07-25 12:25:41 [main] INFO  o.a.catalina.core.StandardEngine - Starting Servlet engine: [Apache Tomcat/10.1.42]
2025-07-25 12:25:41 [main] INFO  o.a.c.c.C.[Tomcat].[localhost].[/] - Initializing Spring embedded WebApplicationContext
2025-07-25 12:25:41 [main] INFO  o.s.b.w.s.c.ServletWebServerApplicationContext - Root WebApplicationContext: initialization completed in 1409 ms
2025-07-25 12:25:41 [cluster-ClusterId{value='68832a6d1d810d1fcdc95eda', description='RentCart'}-srv-rentcart.rpnqlbb.mongodb.net] INFO  org.mongodb.driver.cluster - Adding discovered server ac-rjqfimd-shard-00-02.rpnqlbb.mongodb.net:27017 to client view of cluster
2025-07-25 12:25:41 [main] INFO  org.mongodb.driver.client - MongoClient with metadata {"application": {"name": "RentCart"}, "driver": {"name": "mongo-java-driver|sync|spring-boot", "version": "5.5.1"}, "os": {"type": "Windows", "name": "Windows 11", "architecture": "amd64", "version": "10.0"}, "platform": "Java/Oracle Corporation/23.0.1+11-39"} created with settings MongoClientSettings{readPreference=primary, writeConcern=WriteConcern{w=majority, wTimeout=null ms, journal=null}, retryWrites=true, retryReads=true, readConcern=ReadConcern{level=null}, credential=MongoCredential{mechanism=null, userName='mayurkotwal75', source='admin', password=<hidden>, mechanismProperties=<hidden>}, transportSettings=null, commandListeners=[], codecRegistry=ProvidersCodecRegistry{codecProviders=[ValueCodecProvider{}, BsonValueCodecProvider{}, DBRefCodecProvider{}, DBObjectCodecProvider{}, DocumentCodecProvider{}, CollectionCodecProvider{}, IterableCodecProvider{}, MapCodecProvider{}, GeoJsonCodecProvider{}, GridFSFileCodecProvider{}, Jsr310CodecProvider{}, JsonObjectCodecProvider{}, BsonCodecProvider{}, EnumCodecProvider{}, com.mongodb.client.model.mql.ExpressionCodecProvider@4d09cade, com.mongodb.Jep395RecordCodecProvider@1f87607c, com.mongodb.KotlinCodecProvider@4b862408]}, loggerSettings=LoggerSettings{maxDocumentLength=1000}, clusterSettings={hosts=[127.0.0.1:27017], srvHost=rentcart.rpnqlbb.mongodb.net, srvServiceName=mongodb, mode=MULTIPLE, requiredClusterType=REPLICA_SET, requiredReplicaSetName='atlas-x8u1qz-shard-0', serverSelector='null', clusterListeners='[]', serverSelectionTimeout='30000 ms', localThreshold='15 ms'}, socketSettings=SocketSettings{connectTimeoutMS=10000, readTimeoutMS=0, receiveBufferSize=0, proxySettings=ProxySettings{host=null, port=null, username=null, password=null}}, heartbeatSocketSettings=SocketSettings{connectTimeoutMS=10000, readTimeoutMS=10000, receiveBufferSize=0, proxySettings=ProxySettings{host=null, port=null, username=null, password=null}}, connectionPoolSettings=ConnectionPoolSettings{maxSize=100, minSize=0, maxWaitTimeMS=120000, maxConnectionLifeTimeMS=0, maxConnectionIdleTimeMS=0, maintenanceInitialDelayMS=0, maintenanceFrequencyMS=60000, connectionPoolListeners=[], maxConnecting=2}, serverSettings=ServerSettings{heartbeatFrequencyMS=10000, minHeartbeatFrequencyMS=500, serverMonitoringMode=AUTO, serverListeners='[]', serverMonitorListeners='[]'}, sslSettings=SslSettings{enabled=true, invalidHostNameAllowed=false, context=null}, applicationName='RentCart', compressorList=[], uuidRepresentation=JAVA_LEGACY, serverApi=null, autoEncryptionSettings=null, dnsClient=null, inetAddressResolver=null, contextProvider=null, timeoutMS=null}
2025-07-25 12:25:41 [cluster-ClusterId{value='68832a6d1d810d1fcdc95eda', description='RentCart'}-srv-rentcart.rpnqlbb.mongodb.net] INFO  org.mongodb.driver.cluster - Adding discovered server ac-rjqfimd-shard-00-01.rpnqlbb.mongodb.net:27017 to client view of cluster
2025-07-25 12:25:41 [cluster-ClusterId{value='68832a6d1d810d1fcdc95eda', description='RentCart'}-srv-rentcart.rpnqlbb.mongodb.net] INFO  org.mongodb.driver.cluster - Adding discovered server ac-rjqfimd-shard-00-00.rpnqlbb.mongodb.net:27017 to client view of cluster
2025-07-25 12:25:42 [cluster-ClusterId{value='68832a6d1d810d1fcdc95eda', description='RentCart'}-ac-rjqfimd-shard-00-00.rpnqlbb.mongodb.net:27017] INFO  org.mongodb.driver.cluster - Monitor thread successfully connected to server with description ServerDescription{address=ac-rjqfimd-shard-00-00.rpnqlbb.mongodb.net:27017, type=REPLICA_SET_SECONDARY, cryptd=false, state=CONNECTED, ok=true, minWireVersion=0, maxWireVersion=25, maxDocumentSize=16777216, logicalSessionTimeoutMinutes=30, roundTripTimeNanos=292496300, minRoundTripTimeNanos=0, setName='atlas-x8u1qz-shard-0', canonicalAddress=ac-rjqfimd-shard-00-00.rpnqlbb.mongodb.net:27017, hosts=[ac-rjqfimd-shard-00-00.rpnqlbb.mongodb.net:27017, ac-rjqfimd-shard-00-01.rpnqlbb.mongodb.net:27017, ac-rjqfimd-shard-00-02.rpnqlbb.mongodb.net:27017], passives=[], arbiters=[], primary='ac-rjqfimd-shard-00-02.rpnqlbb.mongodb.net:27017', tagSet=TagSet{[Tag{name='availabilityZone', value='aps1-az1'}, Tag{name='diskState', value='READY'}, Tag{name='nodeType', value='ELECTABLE'}, Tag{name='provider', value='AWS'}, Tag{name='region', value='AP_SOUTH_1'}, Tag{name='workloadType', value='OPERATIONAL'}]}, electionId=null, setVersion=230, topologyVersion=TopologyVersion{processId=687a650146057121944465e6, counter=4}, lastWriteDate=Fri Jul 25 12:25:42 IST 2025, lastUpdateTimeNanos=1348118892197000}
2025-07-25 12:25:42 [cluster-ClusterId{value='68832a6d1d810d1fcdc95eda', description='RentCart'}-ac-rjqfimd-shard-00-02.rpnqlbb.mongodb.net:27017] INFO  org.mongodb.driver.cluster - Monitor thread successfully connected to server with description ServerDescription{address=ac-rjqfimd-shard-00-02.rpnqlbb.mongodb.net:27017, type=REPLICA_SET_PRIMARY, cryptd=false, state=CONNECTED, ok=true, minWireVersion=0, maxWireVersion=25, maxDocumentSize=16777216, logicalSessionTimeoutMinutes=30, roundTripTimeNanos=292417100, minRoundTripTimeNanos=0, setName='atlas-x8u1qz-shard-0', canonicalAddress=ac-rjqfimd-shard-00-02.rpnqlbb.mongodb.net:27017, hosts=[ac-rjqfimd-shard-00-00.rpnqlbb.mongodb.net:27017, ac-rjqfimd-shard-00-01.rpnqlbb.mongodb.net:27017, ac-rjqfimd-shard-00-02.rpnqlbb.mongodb.net:27017], passives=[], arbiters=[], primary='ac-rjqfimd-shard-00-02.rpnqlbb.mongodb.net:27017', tagSet=TagSet{[Tag{name='availabilityZone', value='aps1-az2'}, Tag{name='diskState', value='READY'}, Tag{name='nodeType', value='ELECTABLE'}, Tag{name='provider', value='AWS'}, Tag{name='region', value='AP_SOUTH_1'}, Tag{name='workloadType', value='OPERATIONAL'}]}, electionId=7fffffff00000000000000d9, setVersion=230, topologyVersion=TopologyVersion{processId=687a67224a71bededb4026aa, counter=6}, lastWriteDate=Fri Jul 25 12:25:42 IST 2025, lastUpdateTimeNanos=1348118892208400}
2025-07-25 12:25:42 [cluster-ClusterId{value='68832a6d1d810d1fcdc95eda', description='RentCart'}-ac-rjqfimd-shard-00-01.rpnqlbb.mongodb.net:27017] INFO  org.mongodb.driver.cluster - Monitor thread successfully connected to server with description ServerDescription{address=ac-rjqfimd-shard-00-01.rpnqlbb.mongodb.net:27017, type=REPLICA_SET_SECONDARY, cryptd=false, state=CONNECTED, ok=true, minWireVersion=0, maxWireVersion=25, maxDocumentSize=16777216, logicalSessionTimeoutMinutes=30, roundTripTimeNanos=292390300, minRoundTripTimeNanos=0, setName='atlas-x8u1qz-shard-0', canonicalAddress=ac-rjqfimd-shard-00-01.rpnqlbb.mongodb.net:27017, hosts=[ac-rjqfimd-shard-00-00.rpnqlbb.mongodb.net:27017, ac-rjqfimd-shard-00-01.rpnqlbb.mongodb.net:27017, ac-rjqfimd-shard-00-02.rpnqlbb.mongodb.net:27017], passives=[], arbiters=[], primary='ac-rjqfimd-shard-00-02.rpnqlbb.mongodb.net:27017', tagSet=TagSet{[Tag{name='availabilityZone', value='aps1-az3'}, Tag{name='diskState', value='READY'}, Tag{name='nodeType', value='ELECTABLE'}, Tag{name='provider', value='AWS'}, Tag{name='region', value='AP_SOUTH_1'}, Tag{name='workloadType', value='OPERATIONAL'}]}, electionId=null, setVersion=230, topologyVersion=TopologyVersion{processId=687a6a1cdd4fe57fac26c8ca, counter=3}, lastWriteDate=Fri Jul 25 12:25:42 IST 2025, lastUpdateTimeNanos=1348118892214300}
2025-07-25 12:25:42 [cluster-ClusterId{value='68832a6d1d810d1fcdc95eda', description='RentCart'}-ac-rjqfimd-shard-00-02.rpnqlbb.mongodb.net:27017] INFO  org.mongodb.driver.cluster - Discovered replica set primary ac-rjqfimd-shard-00-02.rpnqlbb.mongodb.net:27017 with max election id 7fffffff00000000000000d9 and max set version 230
2025-07-25 12:25:42 [main] INFO  o.a.coyote.http11.Http11NioProtocol - Starting ProtocolHandler ["http-nio-9092"]
2025-07-25 12:25:42 [main] INFO  o.s.b.w.e.tomcat.TomcatWebServer - Tomcat started on port 9092 (http) with context path '/'
2025-07-25 12:25:42 [main] INFO  c.G.OrderService.RentCartApplication - Started RentCartApplication in 3.702 seconds (process running for 4.204)
2025-07-25 12:28:20 [http-nio-9092-exec-2] INFO  o.a.c.c.C.[Tomcat].[localhost].[/] - Initializing Spring DispatcherServlet 'dispatcherServlet'
2025-07-25 12:28:20 [http-nio-9092-exec-2] INFO  o.s.web.servlet.DispatcherServlet - Initializing Servlet 'dispatcherServlet'
2025-07-25 12:28:20 [http-nio-9092-exec-2] INFO  o.s.web.servlet.DispatcherServlet - Completed initialization in 4 ms
2025-07-25 12:28:20 [http-nio-9092-exec-2] INFO  c.G.O.Controller.OrderController - Initiating order for user: KartikSaste
2025-07-25 12:28:20 [http-nio-9092-exec-2] INFO  c.G.O.Service.OrderService - Calculating total amount for itemIds: [68829d11a1bdde6a0bedde8d]
2025-07-25 12:28:20 [http-nio-9092-exec-2] INFO  c.G.O.Service.OrderService - Found 1 items out of 1 requested
2025-07-25 12:28:20 [http-nio-9092-exec-2] INFO  c.G.O.Service.OrderService - Total amount before discount: 1000.0
2025-07-25 12:28:20 [http-nio-9092-exec-2] INFO  c.G.O.Service.OrderService - Final amount after discount: 1000.0
2025-07-25 12:28:20 [http-nio-9092-exec-2] INFO  c.G.O.Controller.OrderController - Calculated total amount: 1000.0
2025-07-25 12:28:20 [http-nio-9092-exec-2] INFO  c.G.O.Service.RazorpayService - Creating Razorpay order with amount: 1000.0 INR
2025-07-25 12:28:20 [http-nio-9092-exec-2] INFO  c.G.O.Service.RazorpayService - Using Razorpay key: 'rzp_test_0TV00DG1iL8ZEz', secret: '5ONL...' (masked)
2025-07-25 12:28:20 [http-nio-9092-exec-2] INFO  c.G.O.Service.RazorpayService - Initializing Razorpay client...
2025-07-25 12:28:20 [http-nio-9092-exec-2] DEBUG c.G.O.Service.RazorpayService - Razorpay options: {"amount":100000,"payment_capture":1,"currency":"INR","receipt":"order_rcptid_1753426700409"}
2025-07-25 12:28:21 [http-nio-9092-exec-2] INFO  c.G.O.Service.RazorpayService - Razorpay order created, processing response...
2025-07-25 12:28:21 [http-nio-9092-exec-2] INFO  c.G.O.Service.RazorpayService - Razorpay order created successfully
2025-07-25 12:28:21 [http-nio-9092-exec-2] INFO  c.G.O.Controller.OrderController - Order initiated successfully for user: KartikSaste
2025-07-25 12:28:49 [http-nio-9092-exec-1] INFO  c.G.O.Controller.OrderController - Confirming order with details for user: KartikSaste
2025-07-25 12:28:49 [http-nio-9092-exec-1] INFO  c.G.O.Service.OrderService - Placing order with payment verification for user: KartikSaste
2025-07-25 12:28:49 [http-nio-9092-exec-1] INFO  c.G.O.Service.RazorpayService - Verifying payment for order: order_QxD3at2nRjUvzk and payment: pay_QxD3qmmvcZ0WZ7
2025-07-25 12:28:49 [http-nio-9092-exec-1] INFO  c.G.O.Service.RazorpayService - Payment verification successful for order: order_QxD3at2nRjUvzk
2025-07-25 12:28:49 [http-nio-9092-exec-1] INFO  c.G.O.Service.OrderService - Placing confirmed order for user: KartikSaste
2025-07-25 12:28:49 [http-nio-9092-exec-1] INFO  c.G.O.Service.OrderService - Calculating total amount for itemIds: [68829d11a1bdde6a0bedde8d]
2025-07-25 12:28:49 [http-nio-9092-exec-1] INFO  c.G.O.Service.OrderService - Found 1 items out of 1 requested
2025-07-25 12:28:49 [http-nio-9092-exec-1] INFO  c.G.O.Service.OrderService - Total amount before discount: 1000.0
2025-07-25 12:28:49 [http-nio-9092-exec-1] INFO  c.G.O.Service.OrderService - Final amount after discount: 1000.0
2025-07-25 12:28:49 [http-nio-9092-exec-1] INFO  c.G.O.Service.OrderService - Order placed successfully with ID: 68832b291d810d1fcdc95edb
2025-07-25 12:28:49 [http-nio-9092-exec-1] INFO  c.G.O.Controller.OrderController - Order confirmed successfully for user: KartikSaste with order ID: 68832b291d810d1fcdc95edb
2025-07-25 12:30:48 [http-nio-9092-exec-4] INFO  c.G.O.Controller.OrderController - Initiating order for user: KartikSaste
2025-07-25 12:30:48 [http-nio-9092-exec-4] INFO  c.G.O.Service.OrderService - Calculating total amount for itemIds: [68829d11a1bdde6a0bedde8d]
2025-07-25 12:30:48 [http-nio-9092-exec-4] INFO  c.G.O.Service.OrderService - Found 1 items out of 1 requested
2025-07-25 12:30:48 [http-nio-9092-exec-4] INFO  c.G.O.Service.OrderService - Total amount before discount: 1000.0
2025-07-25 12:30:48 [http-nio-9092-exec-4] INFO  c.G.O.Service.OrderService - Final amount after discount: 1000.0
2025-07-25 12:30:48 [http-nio-9092-exec-4] INFO  c.G.O.Controller.OrderController - Calculated total amount: 1000.0
2025-07-25 12:30:48 [http-nio-9092-exec-4] INFO  c.G.O.Service.RazorpayService - Creating Razorpay order with amount: 1000.0 INR
2025-07-25 12:30:48 [http-nio-9092-exec-4] INFO  c.G.O.Service.RazorpayService - Using Razorpay key: 'rzp_test_0TV00DG1iL8ZEz', secret: '5ONL...' (masked)
2025-07-25 12:30:48 [http-nio-9092-exec-4] INFO  c.G.O.Service.RazorpayService - Initializing Razorpay client...
2025-07-25 12:30:48 [http-nio-9092-exec-4] DEBUG c.G.O.Service.RazorpayService - Razorpay options: {"amount":100000,"payment_capture":1,"currency":"INR","receipt":"order_rcptid_1753426848808"}
2025-07-25 12:30:48 [http-nio-9092-exec-4] INFO  c.G.O.Service.RazorpayService - Razorpay order created, processing response...
2025-07-25 12:30:48 [http-nio-9092-exec-4] INFO  c.G.O.Service.RazorpayService - Razorpay order created successfully
2025-07-25 12:30:48 [http-nio-9092-exec-4] INFO  c.G.O.Controller.OrderController - Order initiated successfully for user: KartikSaste
2025-07-25 12:31:14 [http-nio-9092-exec-5] INFO  c.G.O.Controller.OrderController - Confirming order with details for user: KartikSaste
2025-07-25 12:31:14 [http-nio-9092-exec-5] INFO  c.G.O.Service.OrderService - Placing order with payment verification for user: KartikSaste
2025-07-25 12:31:14 [http-nio-9092-exec-5] INFO  c.G.O.Service.RazorpayService - Verifying payment for order: order_QxD6BkCugJtRoR and payment: pay_QxD6PC3hFzvC4w
2025-07-25 12:31:14 [http-nio-9092-exec-5] INFO  c.G.O.Service.RazorpayService - Payment verification successful for order: order_QxD6BkCugJtRoR
2025-07-25 12:31:14 [http-nio-9092-exec-5] INFO  c.G.O.Service.OrderService - Placing confirmed order for user: KartikSaste
2025-07-25 12:31:14 [http-nio-9092-exec-5] INFO  c.G.O.Service.OrderService - Calculating total amount for itemIds: [68829d11a1bdde6a0bedde8d]
2025-07-25 12:31:14 [http-nio-9092-exec-5] INFO  c.G.O.Service.OrderService - Found 1 items out of 1 requested
2025-07-25 12:31:14 [http-nio-9092-exec-5] INFO  c.G.O.Service.OrderService - Total amount before discount: 1000.0
2025-07-25 12:31:14 [http-nio-9092-exec-5] INFO  c.G.O.Service.OrderService - Final amount after discount: 1000.0
2025-07-25 12:31:14 [http-nio-9092-exec-5] INFO  c.G.O.Service.OrderService - Order placed successfully with ID: 68832bba1d810d1fcdc95edc
2025-07-25 12:31:14 [http-nio-9092-exec-5] INFO  c.G.O.Controller.OrderController - Order confirmed successfully for user: KartikSaste with order ID: 68832bba1d810d1fcdc95edc
2025-07-25 12:34:09 [http-nio-9092-exec-7] INFO  c.G.O.Controller.OrderController - Initiating order for user: KartikSaste
2025-07-25 12:34:09 [http-nio-9092-exec-7] INFO  c.G.O.Service.OrderService - Calculating total amount for itemIds: [68829d11a1bdde6a0bedde8d]
2025-07-25 12:34:09 [http-nio-9092-exec-7] INFO  c.G.O.Service.OrderService - Found 1 items out of 1 requested
2025-07-25 12:34:09 [http-nio-9092-exec-7] INFO  c.G.O.Service.OrderService - Total amount before discount: 1000.0
2025-07-25 12:34:09 [http-nio-9092-exec-7] INFO  c.G.O.Service.OrderService - Final amount after discount: 1000.0
2025-07-25 12:34:09 [http-nio-9092-exec-7] INFO  c.G.O.Controller.OrderController - Calculated total amount: 1000.0
2025-07-25 12:34:09 [http-nio-9092-exec-7] INFO  c.G.O.Service.RazorpayService - Creating Razorpay order with amount: 1000.0 INR
2025-07-25 12:34:09 [http-nio-9092-exec-7] INFO  c.G.O.Service.RazorpayService - Using Razorpay key: 'rzp_test_0TV00DG1iL8ZEz', secret: '5ONL...' (masked)
2025-07-25 12:34:09 [http-nio-9092-exec-7] INFO  c.G.O.Service.RazorpayService - Initializing Razorpay client...
2025-07-25 12:34:09 [http-nio-9092-exec-7] DEBUG c.G.O.Service.RazorpayService - Razorpay options: {"amount":100000,"payment_capture":1,"currency":"INR","receipt":"order_rcptid_1753427049046"}
2025-07-25 12:34:09 [http-nio-9092-exec-7] INFO  c.G.O.Service.RazorpayService - Razorpay order created, processing response...
2025-07-25 12:34:09 [http-nio-9092-exec-7] INFO  c.G.O.Service.RazorpayService - Razorpay order created successfully
2025-07-25 12:34:09 [http-nio-9092-exec-7] INFO  c.G.O.Controller.OrderController - Order initiated successfully for user: KartikSaste
2025-07-25 12:34:34 [http-nio-9092-exec-8] INFO  c.G.O.Controller.OrderController - Confirming order with details for user: KartikSaste
2025-07-25 12:34:34 [http-nio-9092-exec-8] INFO  c.G.O.Service.OrderService - Placing order with payment verification for user: KartikSaste
2025-07-25 12:34:34 [http-nio-9092-exec-8] INFO  c.G.O.Service.RazorpayService - Verifying payment for order: order_QxD9iKa22Hv8dI and payment: pay_QxD9skaCj0Plq0
2025-07-25 12:34:34 [http-nio-9092-exec-8] INFO  c.G.O.Service.RazorpayService - Payment verification successful for order: order_QxD9iKa22Hv8dI
2025-07-25 12:34:34 [http-nio-9092-exec-8] INFO  c.G.O.Service.OrderService - Placing confirmed order for user: KartikSaste
2025-07-25 12:34:34 [http-nio-9092-exec-8] INFO  c.G.O.Service.OrderService - Calculating total amount for itemIds: [68829d11a1bdde6a0bedde8d]
2025-07-25 12:34:34 [http-nio-9092-exec-8] INFO  c.G.O.Service.OrderService - Found 1 items out of 1 requested
2025-07-25 12:34:34 [http-nio-9092-exec-8] INFO  c.G.O.Service.OrderService - Total amount before discount: 1000.0
2025-07-25 12:34:34 [http-nio-9092-exec-8] INFO  c.G.O.Service.OrderService - Final amount after discount: 1000.0
2025-07-25 12:34:34 [http-nio-9092-exec-8] INFO  c.G.O.Service.OrderService - Order placed successfully with ID: 68832c821d810d1fcdc95edd
2025-07-25 12:34:34 [http-nio-9092-exec-8] INFO  c.G.O.Controller.OrderController - Order confirmed successfully for user: KartikSaste with order ID: 68832c821d810d1fcdc95edd
2025-07-25 12:36:35 [http-nio-9092-exec-10] INFO  c.G.O.Controller.OrderController - Initiating order for user: KartikSaste
2025-07-25 12:36:35 [http-nio-9092-exec-10] INFO  c.G.O.Service.OrderService - Calculating total amount for itemIds: [68829d11a1bdde6a0bedde8d]
2025-07-25 12:36:35 [http-nio-9092-exec-10] INFO  c.G.O.Service.OrderService - Found 1 items out of 1 requested
2025-07-25 12:36:35 [http-nio-9092-exec-10] INFO  c.G.O.Service.OrderService - Total amount before discount: 1000.0
2025-07-25 12:36:35 [http-nio-9092-exec-10] INFO  c.G.O.Service.OrderService - Final amount after discount: 1000.0
2025-07-25 12:36:35 [http-nio-9092-exec-10] INFO  c.G.O.Controller.OrderController - Calculated total amount: 1000.0
2025-07-25 12:36:35 [http-nio-9092-exec-10] INFO  c.G.O.Service.RazorpayService - Creating Razorpay order with amount: 1000.0 INR
2025-07-25 12:36:35 [http-nio-9092-exec-10] INFO  c.G.O.Service.RazorpayService - Using Razorpay key: 'rzp_test_0TV00DG1iL8ZEz', secret: '5ONL...' (masked)
2025-07-25 12:36:35 [http-nio-9092-exec-10] INFO  c.G.O.Service.RazorpayService - Initializing Razorpay client...
2025-07-25 12:36:35 [http-nio-9092-exec-10] DEBUG c.G.O.Service.RazorpayService - Razorpay options: {"amount":100000,"payment_capture":1,"currency":"INR","receipt":"order_rcptid_1753427195665"}
2025-07-25 12:36:35 [http-nio-9092-exec-10] INFO  c.G.O.Service.RazorpayService - Razorpay order created, processing response...
2025-07-25 12:36:35 [http-nio-9092-exec-10] INFO  c.G.O.Service.RazorpayService - Razorpay order created successfully
2025-07-25 12:36:35 [http-nio-9092-exec-10] INFO  c.G.O.Controller.OrderController - Order initiated successfully for user: KartikSaste
2025-07-25 12:37:03 [http-nio-9092-exec-2] INFO  c.G.O.Controller.OrderController - Confirming order with details for user: KartikSaste
2025-07-25 12:37:03 [http-nio-9092-exec-2] INFO  c.G.O.Service.OrderService - Placing order with payment verification for user: KartikSaste
2025-07-25 12:37:03 [http-nio-9092-exec-2] INFO  c.G.O.Service.RazorpayService - Verifying payment for order: order_QxDCIMFuWmm2wx and payment: pay_QxDCYLtYNjhOUM
2025-07-25 12:37:03 [http-nio-9092-exec-2] INFO  c.G.O.Service.RazorpayService - Payment verification successful for order: order_QxDCIMFuWmm2wx
2025-07-25 12:37:03 [http-nio-9092-exec-2] INFO  c.G.O.Service.OrderService - Placing confirmed order for user: KartikSaste
2025-07-25 12:37:03 [http-nio-9092-exec-2] INFO  c.G.O.Service.OrderService - Calculating total amount for itemIds: [68829d11a1bdde6a0bedde8d]
2025-07-25 12:37:03 [http-nio-9092-exec-2] INFO  c.G.O.Service.OrderService - Found 1 items out of 1 requested
2025-07-25 12:37:03 [http-nio-9092-exec-2] INFO  c.G.O.Service.OrderService - Total amount before discount: 1000.0
2025-07-25 12:37:03 [http-nio-9092-exec-2] INFO  c.G.O.Service.OrderService - Final amount after discount: 1000.0
2025-07-25 12:37:03 [http-nio-9092-exec-2] INFO  c.G.O.Service.OrderService - Order placed successfully with ID: 68832d171d810d1fcdc95ede
2025-07-25 12:37:03 [http-nio-9092-exec-2] INFO  c.G.O.Controller.OrderController - Order confirmed successfully for user: KartikSaste with order ID: 68832d171d810d1fcdc95ede
2025-07-25 12:41:28 [SpringApplicationShutdownHook] INFO  o.s.b.w.e.tomcat.GracefulShutdown - Commencing graceful shutdown. Waiting for active requests to complete
2025-07-25 12:41:28 [tomcat-shutdown] INFO  o.s.b.w.e.tomcat.GracefulShutdown - Graceful shutdown complete
2025-07-25 12:41:40 [main] INFO  c.G.OrderService.RentCartApplication - Starting RentCartApplication using Java 23.0.1 with PID 85172 (C:\Users\vedan\SpringBoot Project\RentCart\OrderService\target\classes started by vedan in C:\Users\vedan\SpringBoot Project\RentCart\OrderService)
2025-07-25 12:41:40 [main] DEBUG c.G.OrderService.RentCartApplication - Running with Spring Boot v3.5.3, Spring v6.2.8
2025-07-25 12:41:40 [main] INFO  c.G.OrderService.RentCartApplication - No active profile set, falling back to 1 default profile: "default"
2025-07-25 12:41:41 [main] INFO  o.s.d.r.c.RepositoryConfigurationDelegate - Bootstrapping Spring Data MongoDB repositories in DEFAULT mode.
2025-07-25 12:41:41 [main] INFO  o.s.d.r.c.RepositoryConfigurationDelegate - Finished Spring Data repository scanning in 60 ms. Found 2 MongoDB repository interfaces.
2025-07-25 12:41:42 [main] INFO  o.s.b.w.e.tomcat.TomcatWebServer - Tomcat initialized with port 9092 (http)
2025-07-25 12:41:42 [main] INFO  o.a.coyote.http11.Http11NioProtocol - Initializing ProtocolHandler ["http-nio-9092"]
2025-07-25 12:41:42 [main] INFO  o.a.catalina.core.StandardService - Starting service [Tomcat]
2025-07-25 12:41:42 [main] INFO  o.a.catalina.core.StandardEngine - Starting Servlet engine: [Apache Tomcat/10.1.42]
2025-07-25 12:41:42 [main] INFO  o.a.c.c.C.[Tomcat].[localhost].[/] - Initializing Spring embedded WebApplicationContext
2025-07-25 12:41:42 [main] INFO  o.s.b.w.s.c.ServletWebServerApplicationContext - Root WebApplicationContext: initialization completed in 1254 ms
2025-07-25 12:41:42 [cluster-ClusterId{value='68832e2edc276190b7106209', description='RentCart'}-srv-rentcart.rpnqlbb.mongodb.net] INFO  org.mongodb.driver.cluster - Adding discovered server ac-rjqfimd-shard-00-02.rpnqlbb.mongodb.net:27017 to client view of cluster
2025-07-25 12:41:42 [cluster-ClusterId{value='68832e2edc276190b7106209', description='RentCart'}-srv-rentcart.rpnqlbb.mongodb.net] INFO  org.mongodb.driver.cluster - Adding discovered server ac-rjqfimd-shard-00-00.rpnqlbb.mongodb.net:27017 to client view of cluster
2025-07-25 12:41:42 [cluster-ClusterId{value='68832e2edc276190b7106209', description='RentCart'}-srv-rentcart.rpnqlbb.mongodb.net] INFO  org.mongodb.driver.cluster - Adding discovered server ac-rjqfimd-shard-00-01.rpnqlbb.mongodb.net:27017 to client view of cluster
2025-07-25 12:41:42 [main] INFO  org.mongodb.driver.client - MongoClient with metadata {"application": {"name": "RentCart"}, "driver": {"name": "mongo-java-driver|sync|spring-boot", "version": "5.5.1"}, "os": {"type": "Windows", "name": "Windows 11", "architecture": "amd64", "version": "10.0"}, "platform": "Java/Oracle Corporation/23.0.1+11-39"} created with settings MongoClientSettings{readPreference=primary, writeConcern=WriteConcern{w=majority, wTimeout=null ms, journal=null}, retryWrites=true, retryReads=true, readConcern=ReadConcern{level=null}, credential=MongoCredential{mechanism=null, userName='mayurkotwal75', source='admin', password=<hidden>, mechanismProperties=<hidden>}, transportSettings=null, commandListeners=[], codecRegistry=ProvidersCodecRegistry{codecProviders=[ValueCodecProvider{}, BsonValueCodecProvider{}, DBRefCodecProvider{}, DBObjectCodecProvider{}, DocumentCodecProvider{}, CollectionCodecProvider{}, IterableCodecProvider{}, MapCodecProvider{}, GeoJsonCodecProvider{}, GridFSFileCodecProvider{}, Jsr310CodecProvider{}, JsonObjectCodecProvider{}, BsonCodecProvider{}, EnumCodecProvider{}, com.mongodb.client.model.mql.ExpressionCodecProvider@500051c5, com.mongodb.Jep395RecordCodecProvider@ec7b5de, com.mongodb.KotlinCodecProvider@4c19d42e]}, loggerSettings=LoggerSettings{maxDocumentLength=1000}, clusterSettings={hosts=[127.0.0.1:27017], srvHost=rentcart.rpnqlbb.mongodb.net, srvServiceName=mongodb, mode=MULTIPLE, requiredClusterType=REPLICA_SET, requiredReplicaSetName='atlas-x8u1qz-shard-0', serverSelector='null', clusterListeners='[]', serverSelectionTimeout='30000 ms', localThreshold='15 ms'}, socketSettings=SocketSettings{connectTimeoutMS=10000, readTimeoutMS=0, receiveBufferSize=0, proxySettings=ProxySettings{host=null, port=null, username=null, password=null}}, heartbeatSocketSettings=SocketSettings{connectTimeoutMS=10000, readTimeoutMS=10000, receiveBufferSize=0, proxySettings=ProxySettings{host=null, port=null, username=null, password=null}}, connectionPoolSettings=ConnectionPoolSettings{maxSize=100, minSize=0, maxWaitTimeMS=120000, maxConnectionLifeTimeMS=0, maxConnectionIdleTimeMS=0, maintenanceInitialDelayMS=0, maintenanceFrequencyMS=60000, connectionPoolListeners=[], maxConnecting=2}, serverSettings=ServerSettings{heartbeatFrequencyMS=10000, minHeartbeatFrequencyMS=500, serverMonitoringMode=AUTO, serverListeners='[]', serverMonitorListeners='[]'}, sslSettings=SslSettings{enabled=true, invalidHostNameAllowed=false, context=null}, applicationName='RentCart', compressorList=[], uuidRepresentation=JAVA_LEGACY, serverApi=null, autoEncryptionSettings=null, dnsClient=null, inetAddressResolver=null, contextProvider=null, timeoutMS=null}
2025-07-25 12:41:43 [cluster-ClusterId{value='68832e2edc276190b7106209', description='RentCart'}-ac-rjqfimd-shard-00-02.rpnqlbb.mongodb.net:27017] INFO  org.mongodb.driver.cluster - Monitor thread successfully connected to server with description ServerDescription{address=ac-rjqfimd-shard-00-02.rpnqlbb.mongodb.net:27017, type=REPLICA_SET_PRIMARY, cryptd=false, state=CONNECTED, ok=true, minWireVersion=0, maxWireVersion=25, maxDocumentSize=16777216, logicalSessionTimeoutMinutes=30, roundTripTimeNanos=343525000, minRoundTripTimeNanos=0, setName='atlas-x8u1qz-shard-0', canonicalAddress=ac-rjqfimd-shard-00-02.rpnqlbb.mongodb.net:27017, hosts=[ac-rjqfimd-shard-00-00.rpnqlbb.mongodb.net:27017, ac-rjqfimd-shard-00-01.rpnqlbb.mongodb.net:27017, ac-rjqfimd-shard-00-02.rpnqlbb.mongodb.net:27017], passives=[], arbiters=[], primary='ac-rjqfimd-shard-00-02.rpnqlbb.mongodb.net:27017', tagSet=TagSet{[Tag{name='availabilityZone', value='aps1-az2'}, Tag{name='diskState', value='READY'}, Tag{name='nodeType', value='ELECTABLE'}, Tag{name='provider', value='AWS'}, Tag{name='region', value='AP_SOUTH_1'}, Tag{name='workloadType', value='OPERATIONAL'}]}, electionId=7fffffff00000000000000d9, setVersion=230, topologyVersion=TopologyVersion{processId=687a67224a71bededb4026aa, counter=6}, lastWriteDate=Fri Jul 25 12:41:43 IST 2025, lastUpdateTimeNanos=1349079903007600}
2025-07-25 12:41:43 [cluster-ClusterId{value='68832e2edc276190b7106209', description='RentCart'}-ac-rjqfimd-shard-00-01.rpnqlbb.mongodb.net:27017] INFO  org.mongodb.driver.cluster - Monitor thread successfully connected to server with description ServerDescription{address=ac-rjqfimd-shard-00-01.rpnqlbb.mongodb.net:27017, type=REPLICA_SET_SECONDARY, cryptd=false, state=CONNECTED, ok=true, minWireVersion=0, maxWireVersion=25, maxDocumentSize=16777216, logicalSessionTimeoutMinutes=30, roundTripTimeNanos=343524100, minRoundTripTimeNanos=0, setName='atlas-x8u1qz-shard-0', canonicalAddress=ac-rjqfimd-shard-00-01.rpnqlbb.mongodb.net:27017, hosts=[ac-rjqfimd-shard-00-00.rpnqlbb.mongodb.net:27017, ac-rjqfimd-shard-00-01.rpnqlbb.mongodb.net:27017, ac-rjqfimd-shard-00-02.rpnqlbb.mongodb.net:27017], passives=[], arbiters=[], primary='ac-rjqfimd-shard-00-02.rpnqlbb.mongodb.net:27017', tagSet=TagSet{[Tag{name='availabilityZone', value='aps1-az3'}, Tag{name='diskState', value='READY'}, Tag{name='nodeType', value='ELECTABLE'}, Tag{name='provider', value='AWS'}, Tag{name='region', value='AP_SOUTH_1'}, Tag{name='workloadType', value='OPERATIONAL'}]}, electionId=null, setVersion=230, topologyVersion=TopologyVersion{processId=687a6a1cdd4fe57fac26c8ca, counter=3}, lastWriteDate=Fri Jul 25 12:41:43 IST 2025, lastUpdateTimeNanos=1349079903007700}
2025-07-25 12:41:43 [cluster-ClusterId{value='68832e2edc276190b7106209', description='RentCart'}-ac-rjqfimd-shard-00-00.rpnqlbb.mongodb.net:27017] INFO  org.mongodb.driver.cluster - Monitor thread successfully connected to server with description ServerDescription{address=ac-rjqfimd-shard-00-00.rpnqlbb.mongodb.net:27017, type=REPLICA_SET_SECONDARY, cryptd=false, state=CONNECTED, ok=true, minWireVersion=0, maxWireVersion=25, maxDocumentSize=16777216, logicalSessionTimeoutMinutes=30, roundTripTimeNanos=343546000, minRoundTripTimeNanos=0, setName='atlas-x8u1qz-shard-0', canonicalAddress=ac-rjqfimd-shard-00-00.rpnqlbb.mongodb.net:27017, hosts=[ac-rjqfimd-shard-00-00.rpnqlbb.mongodb.net:27017, ac-rjqfimd-shard-00-01.rpnqlbb.mongodb.net:27017, ac-rjqfimd-shard-00-02.rpnqlbb.mongodb.net:27017], passives=[], arbiters=[], primary='ac-rjqfimd-shard-00-02.rpnqlbb.mongodb.net:27017', tagSet=TagSet{[Tag{name='availabilityZone', value='aps1-az1'}, Tag{name='diskState', value='READY'}, Tag{name='nodeType', value='ELECTABLE'}, Tag{name='provider', value='AWS'}, Tag{name='region', value='AP_SOUTH_1'}, Tag{name='workloadType', value='OPERATIONAL'}]}, electionId=null, setVersion=230, topologyVersion=TopologyVersion{processId=687a650146057121944465e6, counter=4}, lastWriteDate=Fri Jul 25 12:41:43 IST 2025, lastUpdateTimeNanos=1349079903023900}
2025-07-25 12:41:43 [cluster-ClusterId{value='68832e2edc276190b7106209', description='RentCart'}-ac-rjqfimd-shard-00-02.rpnqlbb.mongodb.net:27017] INFO  org.mongodb.driver.cluster - Discovered replica set primary ac-rjqfimd-shard-00-02.rpnqlbb.mongodb.net:27017 with max election id 7fffffff00000000000000d9 and max set version 230
2025-07-25 12:41:43 [main] INFO  o.a.coyote.http11.Http11NioProtocol - Starting ProtocolHandler ["http-nio-9092"]
2025-07-25 12:41:43 [main] INFO  o.s.b.w.e.tomcat.TomcatWebServer - Tomcat started on port 9092 (http) with context path '/'
2025-07-25 12:41:43 [main] INFO  c.G.OrderService.RentCartApplication - Started RentCartApplication in 3.675 seconds (process running for 4.089)
2025-07-25 12:42:30 [http-nio-9092-exec-1] INFO  o.a.c.c.C.[Tomcat].[localhost].[/] - Initializing Spring DispatcherServlet 'dispatcherServlet'
2025-07-25 12:42:30 [http-nio-9092-exec-1] INFO  o.s.web.servlet.DispatcherServlet - Initializing Servlet 'dispatcherServlet'
2025-07-25 12:42:30 [http-nio-9092-exec-1] INFO  o.s.web.servlet.DispatcherServlet - Completed initialization in 3 ms
2025-07-25 12:42:30 [http-nio-9092-exec-1] INFO  c.G.O.Controller.OrderController - Initiating order for user: KartikSaste
2025-07-25 12:42:30 [http-nio-9092-exec-1] INFO  c.G.O.Service.OrderService - Calculating total amount for itemIds: [68829d11a1bdde6a0bedde8d]
2025-07-25 12:42:31 [http-nio-9092-exec-1] INFO  c.G.O.Service.OrderService - Found 1 items out of 1 requested
2025-07-25 12:42:31 [http-nio-9092-exec-1] INFO  c.G.O.Service.OrderService - Total amount before discount: 1000.0
2025-07-25 12:42:31 [http-nio-9092-exec-1] INFO  c.G.O.Service.OrderService - Final amount after discount: 1000.0
2025-07-25 12:42:31 [http-nio-9092-exec-1] INFO  c.G.O.Controller.OrderController - Calculated total amount: 1000.0
2025-07-25 12:42:31 [http-nio-9092-exec-1] INFO  c.G.O.Service.RazorpayService - Creating Razorpay order with amount: 1000.0 INR
2025-07-25 12:42:31 [http-nio-9092-exec-1] INFO  c.G.O.Service.RazorpayService - Using Razorpay key: 'rzp_test_0TV00DG1iL8ZEz', secret: '5ONL...' (masked)
2025-07-25 12:42:31 [http-nio-9092-exec-1] INFO  c.G.O.Service.RazorpayService - Initializing Razorpay client...
2025-07-25 12:42:31 [http-nio-9092-exec-1] DEBUG c.G.O.Service.RazorpayService - Razorpay options: {"amount":100000,"payment_capture":1,"currency":"INR","receipt":"order_rcptid_1753427551451"}
2025-07-25 12:42:32 [http-nio-9092-exec-1] INFO  c.G.O.Service.RazorpayService - Razorpay order created, processing response...
2025-07-25 12:42:32 [http-nio-9092-exec-1] INFO  c.G.O.Service.RazorpayService - Razorpay order created successfully
2025-07-25 12:42:32 [http-nio-9092-exec-1] INFO  c.G.O.Controller.OrderController - Order initiated successfully for user: KartikSaste
2025-07-25 12:42:53 [http-nio-9092-exec-2] INFO  c.G.O.Controller.OrderController - Confirming order with details for user: KartikSaste
2025-07-25 12:42:53 [http-nio-9092-exec-2] INFO  c.G.O.Service.OrderService - Placing order with payment verification for user: KartikSaste
2025-07-25 12:42:53 [http-nio-9092-exec-2] INFO  c.G.O.Service.RazorpayService - Verifying payment for order: order_QxDIZLBhz5fNEh and payment: pay_QxDIjR10vgg3tr
2025-07-25 12:42:53 [http-nio-9092-exec-2] INFO  c.G.O.Service.RazorpayService - Payment verification successful for order: order_QxDIZLBhz5fNEh
2025-07-25 12:42:53 [http-nio-9092-exec-2] INFO  c.G.O.Service.OrderService - Placing confirmed order for user: KartikSaste
2025-07-25 12:42:53 [http-nio-9092-exec-2] INFO  c.G.O.Service.OrderService - Calculating total amount for itemIds: [68829d11a1bdde6a0bedde8d]
2025-07-25 12:42:53 [http-nio-9092-exec-2] INFO  c.G.O.Service.OrderService - Found 1 items out of 1 requested
2025-07-25 12:42:53 [http-nio-9092-exec-2] INFO  c.G.O.Service.OrderService - Total amount before discount: 1000.0
2025-07-25 12:42:53 [http-nio-9092-exec-2] INFO  c.G.O.Service.OrderService - Final amount after discount: 1000.0
2025-07-25 12:42:53 [http-nio-9092-exec-2] INFO  c.G.O.Service.OrderService - Order placed successfully with ID: 68832e75dc276190b710620a
2025-07-25 12:42:53 [http-nio-9092-exec-2] INFO  c.G.O.Controller.OrderController - Order confirmed successfully for user: KartikSaste with order ID: 68832e75dc276190b710620a
